#
# There is insufficient memory for the Java Runtime Environment to continue.
# Native memory allocation (malloc) failed to allocate 1269296 bytes. Error detail: Chunk::new
# Possible reasons:
#   The system is out of physical RAM or swap space
#   This process is running with CompressedOops enabled, and the Java Heap may be blocking the growth of the native heap
# Possible solutions:
#   Reduce memory load on the system
#   Increase physical memory or swap space
#   Check if swap backing store is full
#   Decrease Java heap size (-Xmx/-Xms)
#   Decrease number of Java threads
#   Decrease Java thread stack sizes (-Xss)
#   Set larger code cache with -XX:ReservedCodeCacheSize=
#   JVM is running with Unscaled Compressed Oops mode in which the Java heap is
#     placed in the first 4GB address space. The Java Heap base address is the
#     maximum limit for the native heap growth. Please use -XX:HeapBaseMinAddress
#     to set the Java Heap base and to place the Java Heap above 4GB virtual address.
# This output file may be truncated or incomplete.
#
#  Out of Memory Error (arena.cpp:168), pid=10544, tid=8740
#
# JRE version: OpenJDK Runtime Environment Temurin-21.0.7+6 (21.0.7+6) (build 21.0.7+6-LTS)
# Java VM: OpenJDK 64-Bit Server VM Temurin-21.0.7+6 (21.0.7+6-LTS, mixed mode, sharing, tiered, compressed oops, compressed class ptrs, parallel gc, windows-amd64)
# No core dump will be written. Minidumps are not enabled by default on client versions of Windows
#

---------------  S U M M A R Y ------------

Command Line: --add-modules=ALL-SYSTEM --add-opens=java.base/java.util=ALL-UNNAMED --add-opens=java.base/java.lang=ALL-UNNAMED --add-opens=java.base/sun.nio.fs=ALL-UNNAMED -Declipse.application=org.eclipse.jdt.ls.core.id1 -Dosgi.bundles.defaultStartLevel=4 -Declipse.product=org.eclipse.jdt.ls.core.product -Djava.import.generatesMetadataFilesAtProjectRoot=false -DDetectVMInstallationsJob.disabled=true -Dfile.encoding=utf8 -XX:+UseParallelGC -XX:GCTimeRatio=4 -XX:AdaptiveSizePolicyWeight=90 -Dsun.zip.disableMemoryMapping=true -Xmx2G -Xms100m -Xlog:disable -javaagent:c:\Users\Windows\.vscode\extensions\redhat.java-1.43.0-win32-x64\lombok\lombok-1.18.39-4050.jar -XX:+HeapDumpOnOutOfMemoryError -XX:HeapDumpPath=c:\Users\Windows\AppData\Roaming\Code\User\workspaceStorage\7762952fdf189e44cdb19298ae437fbf\redhat.java -Daether.dependencyCollector.impl=bf c:\Users\Windows\.vscode\extensions\redhat.java-1.43.0-win32-x64\server\plugins\org.eclipse.equinox.launcher_1.7.0.v20250519-0528.jar -configuration c:\Users\Windows\AppData\Roaming\Code\User\globalStorage\redhat.java\1.43.0\config_win -data c:\Users\Windows\AppData\Roaming\Code\User\workspaceStorage\7762952fdf189e44cdb19298ae437fbf\redhat.java\jdt_ws --pipe=\\.\pipe\lsp-d3cde5506b487100cf905cc577227546-sock

Host: AMD Ryzen 7 4800H with Radeon Graphics         , 16 cores, 15G,  Windows 11 , 64 bit Build 26100 (10.0.26100.4202)
Time: Mon Jun 30 10:00:02 2025 SE Asia Standard Time elapsed time: 43.416346 seconds (0d 0h 0m 43s)

---------------  T H R E A D  ---------------

Current thread (0x000001bc86a7a340):  JavaThread "C2 CompilerThread0" daemon [_thread_in_native, id=8740, stack(0x0000001127000000,0x0000001127100000) (1024K)]


Current CompileTask:
C2:43416 16380       4       org.eclipse.jdt.internal.compiler.classfmt.ModuleInfo::readModuleAttribute (1166 bytes)

Stack: [0x0000001127000000,0x0000001127100000]
Native frames: (J=compiled Java code, j=interpreted, Vv=VM code, C=native code)
V  [jvm.dll+0x6ce119]
V  [jvm.dll+0x8a84a1]
V  [jvm.dll+0x8aa9ce]
V  [jvm.dll+0x8ab0b3]
V  [jvm.dll+0x27f8a6]
V  [jvm.dll+0xc507d]
V  [jvm.dll+0xc55b3]
V  [jvm.dll+0x2f2c6d]
V  [jvm.dll+0x5f6bca]
V  [jvm.dll+0x250cb2]
V  [jvm.dll+0x25106f]
V  [jvm.dll+0x249934]
V  [jvm.dll+0x246fc4]
V  [jvm.dll+0x1c760e]
V  [jvm.dll+0x25695a]
V  [jvm.dll+0x254efa]
V  [jvm.dll+0x3f03f6]
V  [jvm.dll+0x851f6b]
V  [jvm.dll+0x6cc7dd]
C  [ucrtbase.dll+0x37b0]
C  [KERNEL32.DLL+0x2e8d7]
C  [ntdll.dll+0x3c34c]


---------------  P R O C E S S  ---------------

Threads class SMR info:
_java_thread_list=0x000001bce7810f10, length=91, elements={
0x000001bc869bab20, 0x000001bc9d45ba00, 0x000001bc9d45c9b0, 0x000001bc86a69940,
0x000001bc86a6a390, 0x000001bc86a6bba0, 0x000001bc86a6fac0, 0x000001bc86a7a340,
0x000001bc86a7de10, 0x000001bcdf9e8910, 0x000001bce11e7eb0, 0x000001bce607e370,
0x000001bce61f0c40, 0x000001bce6377ba0, 0x000001bce6378850, 0x000001bce69c89b0,
0x000001bce66ae830, 0x000001bce6829690, 0x000001bce6828970, 0x000001bce6826f30,
0x000001bce68275c0, 0x000001bce6827c50, 0x000001bce68282e0, 0x000001bce6826210,
0x000001bce93592f0, 0x000001bce9358c60, 0x000001bce9357f40, 0x000001bce935a010,
0x000001bce93585d0, 0x000001bce9359980, 0x000001bce9356b90, 0x000001bce935a6a0,
0x000001bce9357220, 0x000001bce935ad30, 0x000001bce93578b0, 0x000001bce935b3c0,
0x000001bce935ba50, 0x000001bce935c0e0, 0x000001bce935ce00, 0x000001bce935c770,
0x000001bce935e1b0, 0x000001bce935d490, 0x000001bce93e7850, 0x000001bce93e71c0,
0x000001bce93e43d0, 0x000001bce93e4a60, 0x000001bce86f6fb0, 0x000001bce86f7640,
0x000001bce86f89f0, 0x000001bce86f8360, 0x000001bce86f7cd0, 0x000001bce86f9080,
0x000001bce86f9710, 0x000001bce86f6290, 0x000001bce86fd220, 0x000001bce86fcb90,
0x000001bce86f9da0, 0x000001bce86fa430, 0x000001bce86fb7e0, 0x000001bce86faac0,
0x000001bce86fbe70, 0x000001bce86fb150, 0x000001bce6829000, 0x000001bce837caf0,
0x000001bce837d180, 0x000001bce8379d00, 0x000001bce837d810, 0x000001bce837c460,
0x000001bce837a390, 0x000001bce837b0b0, 0x000001bce837aa20, 0x000001bce837dea0,
0x000001bce837e530, 0x000001bce837ebc0, 0x000001bce837b740, 0x000001bce837f250,
0x000001bcfc2821c0, 0x000001bcfc282850, 0x000001bcfc280e10, 0x000001bcfc284290,
0x000001bcfc281b30, 0x000001bcfc2814a0, 0x000001bcfc282ee0, 0x000001bcfc283570,
0x000001bcfc283c00, 0x000001bc80118030, 0x000001bc801179a0, 0x000001bc8011ae20,
0x000001bc8011a100, 0x000001bc80119a70, 0x000001bc8011a790
}

Java Threads: ( => current thread )
  0x000001bc869bab20 JavaThread "main"                              [_thread_blocked, id=17176, stack(0x0000001126600000,0x0000001126700000) (1024K)]
  0x000001bc9d45ba00 JavaThread "Reference Handler"          daemon [_thread_blocked, id=11328, stack(0x0000001126a00000,0x0000001126b00000) (1024K)]
  0x000001bc9d45c9b0 JavaThread "Finalizer"                  daemon [_thread_blocked, id=16568, stack(0x0000001126b00000,0x0000001126c00000) (1024K)]
  0x000001bc86a69940 JavaThread "Signal Dispatcher"          daemon [_thread_blocked, id=2676, stack(0x0000001126c00000,0x0000001126d00000) (1024K)]
  0x000001bc86a6a390 JavaThread "Attach Listener"            daemon [_thread_blocked, id=1560, stack(0x0000001126d00000,0x0000001126e00000) (1024K)]
  0x000001bc86a6bba0 JavaThread "Service Thread"             daemon [_thread_blocked, id=2504, stack(0x0000001126e00000,0x0000001126f00000) (1024K)]
  0x000001bc86a6fac0 JavaThread "Monitor Deflation Thread"   daemon [_thread_blocked, id=10516, stack(0x0000001126f00000,0x0000001127000000) (1024K)]
=>0x000001bc86a7a340 JavaThread "C2 CompilerThread0"         daemon [_thread_in_native, id=8740, stack(0x0000001127000000,0x0000001127100000) (1024K)]
  0x000001bc86a7de10 JavaThread "C1 CompilerThread0"         daemon [_thread_blocked, id=1800, stack(0x0000001127100000,0x0000001127200000) (1024K)]
  0x000001bcdf9e8910 JavaThread "Common-Cleaner"             daemon [_thread_blocked, id=11156, stack(0x0000001127200000,0x0000001127300000) (1024K)]
  0x000001bce11e7eb0 JavaThread "Notification Thread"        daemon [_thread_blocked, id=13996, stack(0x0000001127600000,0x0000001127700000) (1024K)]
  0x000001bce607e370 JavaThread "Active Thread: Equinox Container: 06820c61-91f8-414b-92c0-b87102c0674c"        [_thread_blocked, id=17816, stack(0x0000001128000000,0x0000001128100000) (1024K)]
  0x000001bce61f0c40 JavaThread "Refresh Thread: Equinox Container: 06820c61-91f8-414b-92c0-b87102c0674c" daemon [_thread_blocked, id=12880, stack(0x0000001128200000,0x0000001128300000) (1024K)]
  0x000001bce6377ba0 JavaThread "Framework Event Dispatcher: Equinox Container: 06820c61-91f8-414b-92c0-b87102c0674c" daemon [_thread_blocked, id=9004, stack(0x0000001128300000,0x0000001128400000) (1024K)]
  0x000001bce6378850 JavaThread "Start Level: Equinox Container: 06820c61-91f8-414b-92c0-b87102c0674c" daemon [_thread_blocked, id=1128, stack(0x0000001128400000,0x0000001128500000) (1024K)]
  0x000001bce69c89b0 JavaThread "Bundle File Closer"         daemon [_thread_blocked, id=5788, stack(0x0000001128800000,0x0000001128900000) (1024K)]
  0x000001bce66ae830 JavaThread "SCR Component Actor"        daemon [_thread_blocked, id=2436, stack(0x0000001128900000,0x0000001128a00000) (1024K)]
  0x000001bce6829690 JavaThread "Worker-JM"                         [_thread_blocked, id=10784, stack(0x0000001128b00000,0x0000001128c00000) (1024K)]
  0x000001bce6828970 JavaThread "JNA Cleaner"                daemon [_thread_blocked, id=1328, stack(0x0000001128e00000,0x0000001128f00000) (1024K)]
  0x000001bce6826f30 JavaThread "Worker-0"                          [_thread_blocked, id=8648, stack(0x0000001128f00000,0x0000001129000000) (1024K)]
  0x000001bce68275c0 JavaThread "Worker-1: Check JDK Index"         [_thread_blocked, id=10232, stack(0x0000001129000000,0x0000001129100000) (1024K)]
  0x000001bce6827c50 JavaThread "Java indexing"              daemon [_thread_blocked, id=13648, stack(0x0000001129100000,0x0000001129200000) (1024K)]
  0x000001bce68282e0 JavaThread "Worker-2: Java indexing... "        [_thread_blocked, id=3224, stack(0x0000001129500000,0x0000001129600000) (1024K)]
  0x000001bce6826210 JavaThread "Worker-3"                          [_thread_blocked, id=7860, stack(0x0000001129600000,0x0000001129700000) (1024K)]
  0x000001bce93592f0 JavaThread "Thread-2"                   daemon [_thread_in_native, id=15800, stack(0x0000001129700000,0x0000001129800000) (1024K)]
  0x000001bce9358c60 JavaThread "Thread-3"                   daemon [_thread_in_native, id=13316, stack(0x0000001129800000,0x0000001129900000) (1024K)]
  0x000001bce9357f40 JavaThread "Thread-4"                   daemon [_thread_in_native, id=6716, stack(0x0000001129900000,0x0000001129a00000) (1024K)]
  0x000001bce935a010 JavaThread "Thread-5"                   daemon [_thread_in_native, id=16812, stack(0x0000001129a00000,0x0000001129b00000) (1024K)]
  0x000001bce93585d0 JavaThread "Thread-6"                   daemon [_thread_in_native, id=8568, stack(0x0000001129b00000,0x0000001129c00000) (1024K)]
  0x000001bce9359980 JavaThread "Thread-7"                   daemon [_thread_in_native, id=5216, stack(0x0000001129c00000,0x0000001129d00000) (1024K)]
  0x000001bce9356b90 JavaThread "Thread-8"                   daemon [_thread_in_native, id=15596, stack(0x0000001129d00000,0x0000001129e00000) (1024K)]
  0x000001bce935a6a0 JavaThread "Thread-9"                   daemon [_thread_in_native, id=18128, stack(0x0000001129e00000,0x0000001129f00000) (1024K)]
  0x000001bce9357220 JavaThread "Thread-10"                  daemon [_thread_in_native, id=18184, stack(0x0000001129f00000,0x000000112a000000) (1024K)]
  0x000001bce935ad30 JavaThread "Thread-11"                  daemon [_thread_in_native, id=15476, stack(0x000000112a000000,0x000000112a100000) (1024K)]
  0x000001bce93578b0 JavaThread "Thread-12"                  daemon [_thread_in_native, id=4000, stack(0x000000112a100000,0x000000112a200000) (1024K)]
  0x000001bce935b3c0 JavaThread "Thread-13"                  daemon [_thread_in_native, id=15468, stack(0x000000112a200000,0x000000112a300000) (1024K)]
  0x000001bce935ba50 JavaThread "Thread-14"                  daemon [_thread_in_native, id=12524, stack(0x000000112a300000,0x000000112a400000) (1024K)]
  0x000001bce935c0e0 JavaThread "Thread-15"                  daemon [_thread_in_native, id=4052, stack(0x000000112a400000,0x000000112a500000) (1024K)]
  0x000001bce935ce00 JavaThread "Thread-16"                  daemon [_thread_in_native, id=5412, stack(0x000000112a500000,0x000000112a600000) (1024K)]
  0x000001bce935c770 JavaThread "Thread-17"                  daemon [_thread_in_native, id=16052, stack(0x000000112a600000,0x000000112a700000) (1024K)]
  0x000001bce935e1b0 JavaThread "Thread-18"                  daemon [_thread_in_native, id=14344, stack(0x000000112a700000,0x000000112a800000) (1024K)]
  0x000001bce935d490 JavaThread "pool-2-thread-1"                   [_thread_blocked, id=6020, stack(0x000000112a800000,0x000000112a900000) (1024K)]
  0x000001bce93e7850 JavaThread "Worker-4"                          [_thread_blocked, id=8032, stack(0x000000112ac00000,0x000000112ad00000) (1024K)]
  0x000001bce93e71c0 JavaThread "Worker-5"                          [_thread_blocked, id=14468, stack(0x000000112ad00000,0x000000112ae00000) (1024K)]
  0x000001bce93e43d0 JavaThread "WorkspaceEventsHandler"            [_thread_blocked, id=17320, stack(0x000000112ae00000,0x000000112af00000) (1024K)]
  0x000001bce93e4a60 JavaThread "pool-1-thread-1"                   [_thread_blocked, id=16324, stack(0x000000112af00000,0x000000112b000000) (1024K)]
  0x000001bce86f6fb0 JavaThread "LocalFile Deleter"          daemon [_thread_blocked, id=12128, stack(0x0000001128a00000,0x0000001128b00000) (1024K)]
  0x000001bce86f7640 JavaThread "LocalFile Deleter"          daemon [_thread_blocked, id=4924, stack(0x000000112ab00000,0x000000112ac00000) (1024K)]
  0x000001bce86f89f0 JavaThread "LocalFile Deleter"          daemon [_thread_blocked, id=15860, stack(0x000000112b000000,0x000000112b100000) (1024K)]
  0x000001bce86f8360 JavaThread "LocalFile Deleter"          daemon [_thread_blocked, id=1796, stack(0x000000112b100000,0x000000112b200000) (1024K)]
  0x000001bce86f7cd0 JavaThread "LocalFile Deleter"          daemon [_thread_blocked, id=16912, stack(0x000000112b200000,0x000000112b300000) (1024K)]
  0x000001bce86f9080 JavaThread "LocalFile Deleter"          daemon [_thread_blocked, id=16172, stack(0x000000112b300000,0x000000112b400000) (1024K)]
  0x000001bce86f9710 JavaThread "LocalFile Deleter"          daemon [_thread_blocked, id=1228, stack(0x000000112b400000,0x000000112b500000) (1024K)]
  0x000001bce86f6290 JavaThread "LocalFile Deleter"          daemon [_thread_blocked, id=15232, stack(0x000000112b500000,0x000000112b600000) (1024K)]
  0x000001bce86fd220 JavaThread "LocalFile Deleter"          daemon [_thread_blocked, id=17388, stack(0x000000112b600000,0x000000112b700000) (1024K)]
  0x000001bce86fcb90 JavaThread "LocalFile Deleter"          daemon [_thread_blocked, id=4164, stack(0x000000112b700000,0x000000112b800000) (1024K)]
  0x000001bce86f9da0 JavaThread "LocalFile Deleter"          daemon [_thread_blocked, id=10432, stack(0x000000112b800000,0x000000112b900000) (1024K)]
  0x000001bce86fa430 JavaThread "LocalFile Deleter"          daemon [_thread_blocked, id=4648, stack(0x000000112b900000,0x000000112ba00000) (1024K)]
  0x000001bce86fb7e0 JavaThread "LocalFile Deleter"          daemon [_thread_blocked, id=14176, stack(0x000000112ba00000,0x000000112bb00000) (1024K)]
  0x000001bce86faac0 JavaThread "LocalFile Deleter"          daemon [_thread_blocked, id=18256, stack(0x000000112bb00000,0x000000112bc00000) (1024K)]
  0x000001bce86fbe70 JavaThread "LocalFile Deleter"          daemon [_thread_blocked, id=12964, stack(0x000000112bc00000,0x000000112bd00000) (1024K)]
  0x000001bce86fb150 JavaThread "LocalFile Deleter"          daemon [_thread_blocked, id=16504, stack(0x000000112bd00000,0x000000112be00000) (1024K)]
  0x000001bce6829000 JavaThread "Compiler Source File Reader" daemon [_thread_blocked, id=14488, stack(0x000000112be00000,0x000000112bf00000) (1024K)]
  0x000001bce837caf0 JavaThread "Compiler Source File Reader" daemon [_thread_blocked, id=11712, stack(0x000000112bf00000,0x000000112c000000) (1024K)]
  0x000001bce837d180 JavaThread "Compiler Source File Reader" daemon [_thread_blocked, id=15724, stack(0x000000112c000000,0x000000112c100000) (1024K)]
  0x000001bce8379d00 JavaThread "Compiler Source File Reader" daemon [_thread_blocked, id=11728, stack(0x000000112c100000,0x000000112c200000) (1024K)]
  0x000001bce837d810 JavaThread "Compiler Source File Reader" daemon [_thread_blocked, id=6228, stack(0x000000112c200000,0x000000112c300000) (1024K)]
  0x000001bce837c460 JavaThread "Compiler Source File Reader" daemon [_thread_blocked, id=14668, stack(0x000000112c300000,0x000000112c400000) (1024K)]
  0x000001bce837a390 JavaThread "Compiler Source File Reader" daemon [_thread_blocked, id=2192, stack(0x000000112c400000,0x000000112c500000) (1024K)]
  0x000001bce837b0b0 JavaThread "Compiler Source File Reader" daemon [_thread_blocked, id=11004, stack(0x000000112c500000,0x000000112c600000) (1024K)]
  0x000001bce837aa20 JavaThread "Compiler Source File Reader" daemon [_thread_blocked, id=12804, stack(0x000000112c600000,0x000000112c700000) (1024K)]
  0x000001bce837dea0 JavaThread "Compiler Source File Reader" daemon [_thread_blocked, id=16680, stack(0x000000112c700000,0x000000112c800000) (1024K)]
  0x000001bce837e530 JavaThread "Compiler Source File Reader" daemon [_thread_blocked, id=15756, stack(0x000000112c800000,0x000000112c900000) (1024K)]
  0x000001bce837ebc0 JavaThread "Compiler Source File Reader" daemon [_thread_blocked, id=15644, stack(0x000000112c900000,0x000000112ca00000) (1024K)]
  0x000001bce837b740 JavaThread "Compiler Source File Reader" daemon [_thread_blocked, id=5192, stack(0x000000112ca00000,0x000000112cb00000) (1024K)]
  0x000001bce837f250 JavaThread "Compiler Source File Reader" daemon [_thread_blocked, id=3908, stack(0x000000112cb00000,0x000000112cc00000) (1024K)]
  0x000001bcfc2821c0 JavaThread "Compiler Processing Task"   daemon [_thread_blocked, id=18228, stack(0x000000112ce00000,0x000000112cf00000) (1024K)]
  0x000001bcfc282850 JavaThread "Compiler Class File Writer" daemon [_thread_blocked, id=14948, stack(0x000000112cd00000,0x000000112ce00000) (1024K)]
  0x000001bcfc280e10 JavaThread "Compiler Class File Writer" daemon [_thread_blocked, id=2060, stack(0x000000112cf00000,0x000000112d000000) (1024K)]
  0x000001bcfc284290 JavaThread "Compiler Class File Writer" daemon [_thread_blocked, id=13852, stack(0x000000112d000000,0x000000112d100000) (1024K)]
  0x000001bcfc281b30 JavaThread "Compiler Class File Writer" daemon [_thread_blocked, id=4860, stack(0x000000112d100000,0x000000112d200000) (1024K)]
  0x000001bcfc2814a0 JavaThread "Compiler Class File Writer" daemon [_thread_blocked, id=16060, stack(0x000000112d200000,0x000000112d300000) (1024K)]
  0x000001bcfc282ee0 JavaThread "Compiler Class File Writer" daemon [_thread_blocked, id=18180, stack(0x000000112d300000,0x000000112d400000) (1024K)]
  0x000001bcfc283570 JavaThread "Compiler Class File Writer" daemon [_thread_blocked, id=7492, stack(0x000000112d400000,0x000000112d500000) (1024K)]
  0x000001bcfc283c00 JavaThread "Compiler Class File Writer" daemon [_thread_blocked, id=9000, stack(0x000000112d500000,0x000000112d600000) (1024K)]
  0x000001bc80118030 JavaThread "Compiler Class File Writer" daemon [_thread_blocked, id=2220, stack(0x000000112d600000,0x000000112d700000) (1024K)]
  0x000001bc801179a0 JavaThread "Compiler Class File Writer" daemon [_thread_blocked, id=10476, stack(0x000000112d700000,0x000000112d800000) (1024K)]
  0x000001bc8011ae20 JavaThread "Compiler Class File Writer" daemon [_thread_blocked, id=18312, stack(0x000000112d800000,0x000000112d900000) (1024K)]
  0x000001bc8011a100 JavaThread "Compiler Class File Writer" daemon [_thread_blocked, id=14532, stack(0x000000112d900000,0x000000112da00000) (1024K)]
  0x000001bc80119a70 JavaThread "Compiler Class File Writer" daemon [_thread_blocked, id=18420, stack(0x000000112da00000,0x000000112db00000) (1024K)]
  0x000001bc8011a790 JavaThread "Compiler Class File Writer" daemon [_thread_blocked, id=9840, stack(0x000000112db00000,0x000000112dc00000) (1024K)]
Total: 91

Other Threads:
  0x000001bc9d444860 VMThread "VM Thread"                           [id=9388, stack(0x0000001126900000,0x0000001126a00000) (1024K)]
  0x000001bc9d33ca00 WatcherThread "VM Periodic Task Thread"        [id=16724, stack(0x0000001126800000,0x0000001126900000) (1024K)]
  0x000001bc869d9120 WorkerThread "GC Thread#0"                     [id=4600, stack(0x0000001126700000,0x0000001126800000) (1024K)]
  0x000001bce1924550 WorkerThread "GC Thread#1"                     [id=10600, stack(0x0000001127800000,0x0000001127900000) (1024K)]
  0x000001bce1925010 WorkerThread "GC Thread#2"                     [id=3688, stack(0x0000001127900000,0x0000001127a00000) (1024K)]
  0x000001bce19d3430 WorkerThread "GC Thread#3"                     [id=7400, stack(0x0000001127a00000,0x0000001127b00000) (1024K)]
  0x000001bce19d37d0 WorkerThread "GC Thread#4"                     [id=14188, stack(0x0000001127b00000,0x0000001127c00000) (1024K)]
  0x000001bce19d3b70 WorkerThread "GC Thread#5"                     [id=17648, stack(0x0000001127c00000,0x0000001127d00000) (1024K)]
  0x000001bce19d4320 WorkerThread "GC Thread#6"                     [id=11008, stack(0x0000001127d00000,0x0000001127e00000) (1024K)]
  0x000001bce11fc900 WorkerThread "GC Thread#7"                     [id=1248, stack(0x0000001128100000,0x0000001128200000) (1024K)]
  0x000001bce11fba80 WorkerThread "GC Thread#8"                     [id=6924, stack(0x0000001128500000,0x0000001128600000) (1024K)]
  0x000001bce11fbe20 WorkerThread "GC Thread#9"                     [id=2860, stack(0x0000001128600000,0x0000001128700000) (1024K)]
  0x000001bce11fd3e0 WorkerThread "GC Thread#10"                    [id=10136, stack(0x0000001128700000,0x0000001128800000) (1024K)]
  0x000001bce11fc560 WorkerThread "GC Thread#11"                    [id=15988, stack(0x0000001127f00000,0x0000001128000000) (1024K)]
  0x000001bce66a2fa0 WorkerThread "GC Thread#12"                    [id=14408, stack(0x0000001128d00000,0x0000001128e00000) (1024K)]
Total: 15

Threads with active compile tasks:
C2 CompilerThread0  43433 16380       4       org.eclipse.jdt.internal.compiler.classfmt.ModuleInfo::readModuleAttribute (1166 bytes)
Total: 1

VM state: at safepoint (normal execution)

VM Mutex/Monitor currently owned by a thread:  ([mutex/lock_event])
[0x00007fffb2f1e308] Threads_lock - owner thread: 0x000001bc9d444860
[0x00007fffb2f1e408] Heap_lock - owner thread: 0x000001bce6827c50

Heap address: 0x0000000080000000, size: 2048 MB, Compressed Oops mode: 32-bit

CDS archive(s) mapped at: [0x000001bc9e000000-0x000001bc9eba0000-0x000001bc9eba0000), size 12189696, SharedBaseAddress: 0x000001bc9e000000, ArchiveRelocationMode: 1.
Compressed class space mapped at: 0x000001bc9f000000-0x000001bcdf000000, reserved size: 1073741824
Narrow klass base: 0x000001bc9e000000, Narrow klass shift: 0, Narrow klass range: 0x100000000

GC Precious Log:
 CardTable entry size: 512
 CPUs: 16 total, 16 available
 Memory: 15789M
 Large Page Support: Disabled
 NUMA Support: Disabled
 Compressed Oops: Enabled (32-bit)
 Alignments: Space 512K, Generation 512K, Heap 2M
 Heap Min Capacity: 100M
 Heap Initial Capacity: 100M
 Heap Max Capacity: 2G
 Pre-touch: Disabled
 Parallel Workers: 13

Heap:
 PSYoungGen      total 7168K, used 7048K [0x00000000d5580000, 0x00000000d5d80000, 0x0000000100000000)
  eden space 6144K, 100% used [0x00000000d5580000,0x00000000d5b80000,0x00000000d5b80000)
  from space 1024K, 88% used [0x00000000d5c80000,0x00000000d5d62378,0x00000000d5d80000)
  to   space 1024K, 98% used [0x00000000d5b80000,0x00000000d5c7b008,0x00000000d5c80000)
 ParOldGen       total 805888K, used 805751K [0x0000000080000000, 0x00000000b1300000, 0x00000000d5580000)
  object space 805888K, 99% used [0x0000000080000000,0x00000000b12ddcb0,0x00000000b1300000)
 Metaspace       used 68610K, committed 70080K, reserved 1114112K
  class space    used 6791K, committed 7424K, reserved 1048576K

Card table byte_map: [0x000001bc86360000,0x000001bc86770000] _byte_map_base: 0x000001bc85f60000

Marking Bits: (ParMarkBitMap*) 0x00007fffb2f231f0
 Begin Bits: [0x000001bc98e60000, 0x000001bc9ae60000)
 End Bits:   [0x000001bc9ae60000, 0x000001bc9ce60000)

Polling page: 0x000001bc86120000

Metaspace:

Usage:
  Non-class:     60.37 MB used.
      Class:      6.63 MB used.
       Both:     67.00 MB used.

Virtual space:
  Non-class space:       64.00 MB reserved,      61.19 MB ( 96%) committed,  1 nodes.
      Class space:        1.00 GB reserved,       7.25 MB ( <1%) committed,  1 nodes.
             Both:        1.06 GB reserved,      68.44 MB (  6%) committed. 

Chunk freelists:
   Non-Class:  2.86 MB
       Class:  8.76 MB
        Both:  11.62 MB

MaxMetaspaceSize: unlimited
CompressedClassSpaceSize: 1.00 GB
Initial GC threshold: 21.00 MB
Current GC threshold: 97.31 MB
CDS: on
 - commit_granule_bytes: 65536.
 - commit_granule_words: 8192.
 - virtual_space_node_default_size: 8388608.
 - enlarge_chunks_in_place: 1.
 - use_allocation_guard: 0.


Internal statistics:

num_allocs_failed_limit: 9.
num_arena_births: 1298.
num_arena_deaths: 14.
num_vsnodes_births: 2.
num_vsnodes_deaths: 0.
num_space_committed: 1095.
num_space_uncommitted: 0.
num_chunks_returned_to_freelist: 23.
num_chunks_taken_from_freelist: 4627.
num_chunk_merges: 10.
num_chunk_splits: 2794.
num_chunks_enlarged: 1543.
num_inconsistent_stats: 0.

CodeHeap 'non-profiled nmethods': size=119168Kb used=15105Kb max_used=15105Kb free=104062Kb
 bounds [0x000001bc91750000, 0x000001bc92620000, 0x000001bc98bb0000]
CodeHeap 'profiled nmethods': size=119104Kb used=38693Kb max_used=38693Kb free=80410Kb
 bounds [0x000001bc89bb0000, 0x000001bc8c180000, 0x000001bc91000000]
CodeHeap 'non-nmethods': size=7488Kb used=1441Kb max_used=3373Kb free=6046Kb
 bounds [0x000001bc91000000, 0x000001bc91350000, 0x000001bc91750000]
 total_blobs=16246 nmethods=15497 adapters=654
 compilation: enabled
              stopped_count=0, restarted_count=0
 full_count=0

Compilation events (20 events):
Event: 32.758 Thread 0x000001bc86a7a340 nmethod 16374 0x000001bc9260ea10 code [0x000001bc9260ec60, 0x000001bc9260f708]
Event: 32.789 Thread 0x000001bc86a7de10 16375       1       org.eclipse.lsp4j.ClientCapabilities::getWindow (5 bytes)
Event: 32.789 Thread 0x000001bc86a7de10 nmethod 16375 0x000001bc9260ff10 code [0x000001bc926100a0, 0x000001bc92610168]
Event: 32.797 Thread 0x000001bc86a7de10 16376       3       org.eclipse.jdt.internal.core.search.indexing.IndexManager$MetaIndexUpdateRequest::equals (36 bytes)
Event: 32.797 Thread 0x000001bc86a7de10 nmethod 16376 0x000001bc8c174410 code [0x000001bc8c1745e0, 0x000001bc8c174a00]
Event: 32.823 Thread 0x000001bc86a7a340 16377       4       org.eclipse.jdt.core.Signature::checkNextChar (42 bytes)
Event: 32.825 Thread 0x000001bc86a7a340 nmethod 16377 0x000001bc92610210 code [0x000001bc926103a0, 0x000001bc92610580]
Event: 33.041 Thread 0x000001bc86a7de10 16378       3       com.google.gson.internal.bind.TypeAdapters$15::write (10 bytes)
Event: 33.042 Thread 0x000001bc86a7de10 nmethod 16378 0x000001bc8c174b10 code [0x000001bc8c174d20, 0x000001bc8c175330]
Event: 33.042 Thread 0x000001bc86a7de10 16379       3       com.google.gson.internal.bind.TypeAdapters$15::write (7 bytes)
Event: 33.043 Thread 0x000001bc86a7de10 nmethod 16379 0x000001bc8c175510 code [0x000001bc8c175720, 0x000001bc8c175bc0]
Event: 33.094 Thread 0x000001bc86a7a340 16380       4       org.eclipse.jdt.internal.compiler.classfmt.ModuleInfo::readModuleAttribute (1166 bytes)
Event: 33.154 Thread 0x000001bc86a7de10 16381       3       org.eclipse.core.internal.jobs.JobManager::doSchedule (207 bytes)
Event: 33.155 Thread 0x000001bc86a7de10 nmethod 16381 0x000001bc8c175d90 code [0x000001bc8c176120, 0x000001bc8c177948]
Event: 34.169 Thread 0x000001bc86a7de10 16382       3       java.util.regex.Matcher::end (20 bytes)
Event: 34.170 Thread 0x000001bc86a7de10 nmethod 16382 0x000001bc8c178190 code [0x000001bc8c178380, 0x000001bc8c178730]
Event: 38.439 Thread 0x000001bc86a7de10 16383  s    3       org.eclipse.jdt.internal.core.search.processing.JobManager::isEnabled (11 bytes)
Event: 39.328 Thread 0x000001bc86a7de10 nmethod 16383 0x000001bc8c178910 code [0x000001bc8c178ac0, 0x000001bc8c178d30]
Event: 39.328 Thread 0x000001bc86a7de10 16384  s    3       org.eclipse.jdt.internal.core.search.processing.JobManager::currentJobForced (28 bytes)
Event: 39.328 Thread 0x000001bc86a7de10 nmethod 16384 0x000001bc8c178e10 code [0x000001bc8c179000, 0x000001bc8c179520]

GC Heap History (20 events):
Event: 33.008 GC heap after
{Heap after GC invocations=1282 (full 3):
 PSYoungGen      total 5632K, used 704K [0x00000000d5580000, 0x00000000d5c00000, 0x0000000100000000)
  eden space 4608K, 0% used [0x00000000d5580000,0x00000000d5580000,0x00000000d5a00000)
  from space 1024K, 68% used [0x00000000d5a00000,0x00000000d5ab0000,0x00000000d5b00000)
  to   space 1024K, 0% used [0x00000000d5b00000,0x00000000d5b00000,0x00000000d5c00000)
 ParOldGen       total 800768K, used 800704K [0x0000000080000000, 0x00000000b0e00000, 0x00000000d5580000)
  object space 800768K, 99% used [0x0000000080000000,0x00000000b0df0260,0x00000000b0e00000)
 Metaspace       used 68609K, committed 70080K, reserved 1114112K
  class space    used 6791K, committed 7424K, reserved 1048576K
}
Event: 33.020 GC heap before
{Heap before GC invocations=1283 (full 3):
 PSYoungGen      total 5632K, used 5312K [0x00000000d5580000, 0x00000000d5c00000, 0x0000000100000000)
  eden space 4608K, 100% used [0x00000000d5580000,0x00000000d5a00000,0x00000000d5a00000)
  from space 1024K, 68% used [0x00000000d5a00000,0x00000000d5ab0000,0x00000000d5b00000)
  to   space 1024K, 0% used [0x00000000d5b00000,0x00000000d5b00000,0x00000000d5c00000)
 ParOldGen       total 800768K, used 800704K [0x0000000080000000, 0x00000000b0e00000, 0x00000000d5580000)
  object space 800768K, 99% used [0x0000000080000000,0x00000000b0df0260,0x00000000b0e00000)
 Metaspace       used 68609K, committed 70080K, reserved 1114112K
  class space    used 6791K, committed 7424K, reserved 1048576K
}
Event: 33.023 GC heap after
{Heap after GC invocations=1283 (full 3):
 PSYoungGen      total 5632K, used 672K [0x00000000d5580000, 0x00000000d5c00000, 0x0000000100000000)
  eden space 4608K, 0% used [0x00000000d5580000,0x00000000d5580000,0x00000000d5a00000)
  from space 1024K, 65% used [0x00000000d5b00000,0x00000000d5ba8000,0x00000000d5c00000)
  to   space 1024K, 0% used [0x00000000d5a00000,0x00000000d5a00000,0x00000000d5b00000)
 ParOldGen       total 801280K, used 801265K [0x0000000080000000, 0x00000000b0e80000, 0x00000000d5580000)
  object space 801280K, 99% used [0x0000000080000000,0x00000000b0e7c7c8,0x00000000b0e80000)
 Metaspace       used 68609K, committed 70080K, reserved 1114112K
  class space    used 6791K, committed 7424K, reserved 1048576K
}
Event: 33.044 GC heap before
{Heap before GC invocations=1284 (full 3):
 PSYoungGen      total 5632K, used 5280K [0x00000000d5580000, 0x00000000d5c00000, 0x0000000100000000)
  eden space 4608K, 100% used [0x00000000d5580000,0x00000000d5a00000,0x00000000d5a00000)
  from space 1024K, 65% used [0x00000000d5b00000,0x00000000d5ba8000,0x00000000d5c00000)
  to   space 1024K, 0% used [0x00000000d5a00000,0x00000000d5a00000,0x00000000d5b00000)
 ParOldGen       total 801280K, used 801265K [0x0000000080000000, 0x00000000b0e80000, 0x00000000d5580000)
  object space 801280K, 99% used [0x0000000080000000,0x00000000b0e7c7c8,0x00000000b0e80000)
 Metaspace       used 68610K, committed 70080K, reserved 1114112K
  class space    used 6791K, committed 7424K, reserved 1048576K
}
Event: 33.046 GC heap after
{Heap after GC invocations=1284 (full 3):
 PSYoungGen      total 5632K, used 896K [0x00000000d5580000, 0x00000000d5c00000, 0x0000000100000000)
  eden space 4608K, 0% used [0x00000000d5580000,0x00000000d5580000,0x00000000d5a00000)
  from space 1024K, 87% used [0x00000000d5a00000,0x00000000d5ae0000,0x00000000d5b00000)
  to   space 1024K, 0% used [0x00000000d5b00000,0x00000000d5b00000,0x00000000d5c00000)
 ParOldGen       total 802304K, used 801793K [0x0000000080000000, 0x00000000b0f80000, 0x00000000d5580000)
  object space 802304K, 99% used [0x0000000080000000,0x00000000b0f007c8,0x00000000b0f80000)
 Metaspace       used 68610K, committed 70080K, reserved 1114112K
  class space    used 6791K, committed 7424K, reserved 1048576K
}
Event: 33.096 GC heap before
{Heap before GC invocations=1285 (full 3):
 PSYoungGen      total 5632K, used 5504K [0x00000000d5580000, 0x00000000d5c00000, 0x0000000100000000)
  eden space 4608K, 100% used [0x00000000d5580000,0x00000000d5a00000,0x00000000d5a00000)
  from space 1024K, 87% used [0x00000000d5a00000,0x00000000d5ae0000,0x00000000d5b00000)
  to   space 1024K, 0% used [0x00000000d5b00000,0x00000000d5b00000,0x00000000d5c00000)
 ParOldGen       total 802304K, used 801793K [0x0000000080000000, 0x00000000b0f80000, 0x00000000d5580000)
  object space 802304K, 99% used [0x0000000080000000,0x00000000b0f007c8,0x00000000b0f80000)
 Metaspace       used 68610K, committed 70080K, reserved 1114112K
  class space    used 6791K, committed 7424K, reserved 1048576K
}
Event: 33.099 GC heap after
{Heap after GC invocations=1285 (full 3):
 PSYoungGen      total 5632K, used 832K [0x00000000d5580000, 0x00000000d5c00000, 0x0000000100000000)
  eden space 4608K, 0% used [0x00000000d5580000,0x00000000d5580000,0x00000000d5a00000)
  from space 1024K, 81% used [0x00000000d5b00000,0x00000000d5bd0000,0x00000000d5c00000)
  to   space 1024K, 0% used [0x00000000d5a00000,0x00000000d5a00000,0x00000000d5b00000)
 ParOldGen       total 802304K, used 802300K [0x0000000080000000, 0x00000000b0f80000, 0x00000000d5580000)
  object space 802304K, 99% used [0x0000000080000000,0x00000000b0f7f3d0,0x00000000b0f80000)
 Metaspace       used 68610K, committed 70080K, reserved 1114112K
  class space    used 6791K, committed 7424K, reserved 1048576K
}
Event: 33.158 GC heap before
{Heap before GC invocations=1286 (full 3):
 PSYoungGen      total 5632K, used 5440K [0x00000000d5580000, 0x00000000d5c00000, 0x0000000100000000)
  eden space 4608K, 100% used [0x00000000d5580000,0x00000000d5a00000,0x00000000d5a00000)
  from space 1024K, 81% used [0x00000000d5b00000,0x00000000d5bd0000,0x00000000d5c00000)
  to   space 1024K, 0% used [0x00000000d5a00000,0x00000000d5a00000,0x00000000d5b00000)
 ParOldGen       total 802304K, used 802300K [0x0000000080000000, 0x00000000b0f80000, 0x00000000d5580000)
  object space 802304K, 99% used [0x0000000080000000,0x00000000b0f7f3d0,0x00000000b0f80000)
 Metaspace       used 68610K, committed 70080K, reserved 1114112K
  class space    used 6791K, committed 7424K, reserved 1048576K
}
Event: 34.169 GC heap after
{Heap after GC invocations=1286 (full 3):
 PSYoungGen      total 5632K, used 288K [0x00000000d5580000, 0x00000000d5c00000, 0x0000000100000000)
  eden space 4608K, 0% used [0x00000000d5580000,0x00000000d5580000,0x00000000d5a00000)
  from space 1024K, 28% used [0x00000000d5a00000,0x00000000d5a48000,0x00000000d5b00000)
  to   space 512K, 0% used [0x00000000d5b80000,0x00000000d5b80000,0x00000000d5c00000)
 ParOldGen       total 802816K, used 802460K [0x0000000080000000, 0x00000000b1000000, 0x00000000d5580000)
  object space 802816K, 99% used [0x0000000080000000,0x00000000b0fa73d0,0x00000000b1000000)
 Metaspace       used 68610K, committed 70080K, reserved 1114112K
  class space    used 6791K, committed 7424K, reserved 1048576K
}
Event: 34.223 GC heap before
{Heap before GC invocations=1287 (full 3):
 PSYoungGen      total 5632K, used 4896K [0x00000000d5580000, 0x00000000d5c00000, 0x0000000100000000)
  eden space 4608K, 100% used [0x00000000d5580000,0x00000000d5a00000,0x00000000d5a00000)
  from space 1024K, 28% used [0x00000000d5a00000,0x00000000d5a48000,0x00000000d5b00000)
  to   space 512K, 0% used [0x00000000d5b80000,0x00000000d5b80000,0x00000000d5c00000)
 ParOldGen       total 802816K, used 802460K [0x0000000080000000, 0x00000000b1000000, 0x00000000d5580000)
  object space 802816K, 99% used [0x0000000080000000,0x00000000b0fa73d0,0x00000000b1000000)
 Metaspace       used 68610K, committed 70080K, reserved 1114112K
  class space    used 6791K, committed 7424K, reserved 1048576K
}
Event: 36.248 GC heap after
{Heap after GC invocations=1287 (full 3):
 PSYoungGen      total 5120K, used 504K [0x00000000d5580000, 0x00000000d5c00000, 0x0000000100000000)
  eden space 4608K, 0% used [0x00000000d5580000,0x00000000d5580000,0x00000000d5a00000)
  from space 512K, 98% used [0x00000000d5b80000,0x00000000d5bfe180,0x00000000d5c00000)
  to   space 1024K, 0% used [0x00000000d5a00000,0x00000000d5a00000,0x00000000d5b00000)
 ParOldGen       total 802816K, used 802588K [0x0000000080000000, 0x00000000b1000000, 0x00000000d5580000)
  object space 802816K, 99% used [0x0000000080000000,0x00000000b0fc73d0,0x00000000b1000000)
 Metaspace       used 68610K, committed 70080K, reserved 1114112K
  class space    used 6791K, committed 7424K, reserved 1048576K
}
Event: 36.263 GC heap before
{Heap before GC invocations=1288 (full 3):
 PSYoungGen      total 5120K, used 5112K [0x00000000d5580000, 0x00000000d5c00000, 0x0000000100000000)
  eden space 4608K, 100% used [0x00000000d5580000,0x00000000d5a00000,0x00000000d5a00000)
  from space 512K, 98% used [0x00000000d5b80000,0x00000000d5bfe180,0x00000000d5c00000)
  to   space 1024K, 0% used [0x00000000d5a00000,0x00000000d5a00000,0x00000000d5b00000)
 ParOldGen       total 802816K, used 802588K [0x0000000080000000, 0x00000000b1000000, 0x00000000d5580000)
  object space 802816K, 99% used [0x0000000080000000,0x00000000b0fc73d0,0x00000000b1000000)
 Metaspace       used 68610K, committed 70080K, reserved 1114112K
  class space    used 6791K, committed 7424K, reserved 1048576K
}
Event: 37.276 GC heap after
{Heap after GC invocations=1288 (full 3):
 PSYoungGen      total 5632K, used 923K [0x00000000d5580000, 0x00000000d5d00000, 0x0000000100000000)
  eden space 4608K, 0% used [0x00000000d5580000,0x00000000d5580000,0x00000000d5a00000)
  from space 1024K, 90% used [0x00000000d5a00000,0x00000000d5ae6c08,0x00000000d5b00000)
  to   space 1024K, 0% used [0x00000000d5c00000,0x00000000d5c00000,0x00000000d5d00000)
 ParOldGen       total 803328K, used 802945K [0x0000000080000000, 0x00000000b1080000, 0x00000000d5580000)
  object space 803328K, 99% used [0x0000000080000000,0x00000000b10204a8,0x00000000b1080000)
 Metaspace       used 68610K, committed 70080K, reserved 1114112K
  class space    used 6791K, committed 7424K, reserved 1048576K
}
Event: 37.288 GC heap before
{Heap before GC invocations=1289 (full 3):
 PSYoungGen      total 5632K, used 5531K [0x00000000d5580000, 0x00000000d5d00000, 0x0000000100000000)
  eden space 4608K, 100% used [0x00000000d5580000,0x00000000d5a00000,0x00000000d5a00000)
  from space 1024K, 90% used [0x00000000d5a00000,0x00000000d5ae6c08,0x00000000d5b00000)
  to   space 1024K, 0% used [0x00000000d5c00000,0x00000000d5c00000,0x00000000d5d00000)
 ParOldGen       total 803328K, used 802945K [0x0000000080000000, 0x00000000b1080000, 0x00000000d5580000)
  object space 803328K, 99% used [0x0000000080000000,0x00000000b10204a8,0x00000000b1080000)
 Metaspace       used 68610K, committed 70080K, reserved 1114112K
  class space    used 6791K, committed 7424K, reserved 1048576K
}
Event: 37.290 GC heap after
{Heap after GC invocations=1289 (full 3):
 PSYoungGen      total 6144K, used 1014K [0x00000000d5580000, 0x00000000d5e00000, 0x0000000100000000)
  eden space 5120K, 0% used [0x00000000d5580000,0x00000000d5580000,0x00000000d5a80000)
  from space 1024K, 99% used [0x00000000d5c00000,0x00000000d5cfd808,0x00000000d5d00000)
  to   space 1536K, 0% used [0x00000000d5a80000,0x00000000d5a80000,0x00000000d5c00000)
 ParOldGen       total 803840K, used 803681K [0x0000000080000000, 0x00000000b1100000, 0x00000000d5580000)
  object space 803840K, 99% used [0x0000000080000000,0x00000000b10d84a8,0x00000000b1100000)
 Metaspace       used 68610K, committed 70080K, reserved 1114112K
  class space    used 6791K, committed 7424K, reserved 1048576K
}
Event: 37.307 GC heap before
{Heap before GC invocations=1290 (full 3):
 PSYoungGen      total 6144K, used 6134K [0x00000000d5580000, 0x00000000d5e00000, 0x0000000100000000)
  eden space 5120K, 100% used [0x00000000d5580000,0x00000000d5a80000,0x00000000d5a80000)
  from space 1024K, 99% used [0x00000000d5c00000,0x00000000d5cfd808,0x00000000d5d00000)
  to   space 1536K, 0% used [0x00000000d5a80000,0x00000000d5a80000,0x00000000d5c00000)
 ParOldGen       total 803840K, used 803681K [0x0000000080000000, 0x00000000b1100000, 0x00000000d5580000)
  object space 803840K, 99% used [0x0000000080000000,0x00000000b10d84a8,0x00000000b1100000)
 Metaspace       used 68610K, committed 70080K, reserved 1114112K
  class space    used 6791K, committed 7424K, reserved 1048576K
}
Event: 38.317 GC heap after
{Heap after GC invocations=1290 (full 3):
 PSYoungGen      total 6656K, used 950K [0x00000000d5580000, 0x00000000d5d80000, 0x0000000100000000)
  eden space 5120K, 0% used [0x00000000d5580000,0x00000000d5580000,0x00000000d5a80000)
  from space 1536K, 61% used [0x00000000d5a80000,0x00000000d5b6d930,0x00000000d5c00000)
  to   space 1024K, 0% used [0x00000000d5c80000,0x00000000d5c80000,0x00000000d5d80000)
 ParOldGen       total 804864K, used 804503K [0x0000000080000000, 0x00000000b1200000, 0x00000000d5580000)
  object space 804864K, 99% used [0x0000000080000000,0x00000000b11a5cb0,0x00000000b1200000)
 Metaspace       used 68610K, committed 70080K, reserved 1114112K
  class space    used 6791K, committed 7424K, reserved 1048576K
}
Event: 39.331 GC heap before
{Heap before GC invocations=1291 (full 3):
 PSYoungGen      total 6656K, used 6070K [0x00000000d5580000, 0x00000000d5d80000, 0x0000000100000000)
  eden space 5120K, 100% used [0x00000000d5580000,0x00000000d5a80000,0x00000000d5a80000)
  from space 1536K, 61% used [0x00000000d5a80000,0x00000000d5b6d930,0x00000000d5c00000)
  to   space 1024K, 0% used [0x00000000d5c80000,0x00000000d5c80000,0x00000000d5d80000)
 ParOldGen       total 804864K, used 804503K [0x0000000080000000, 0x00000000b1200000, 0x00000000d5580000)
  object space 804864K, 99% used [0x0000000080000000,0x00000000b11a5cb0,0x00000000b1200000)
 Metaspace       used 68610K, committed 70080K, reserved 1114112K
  class space    used 6791K, committed 7424K, reserved 1048576K
}
Event: 39.333 GC heap after
{Heap after GC invocations=1291 (full 3):
 PSYoungGen      total 7168K, used 904K [0x00000000d5580000, 0x00000000d5d80000, 0x0000000100000000)
  eden space 6144K, 0% used [0x00000000d5580000,0x00000000d5580000,0x00000000d5b80000)
  from space 1024K, 88% used [0x00000000d5c80000,0x00000000d5d62378,0x00000000d5d80000)
  to   space 1024K, 0% used [0x00000000d5b80000,0x00000000d5b80000,0x00000000d5c80000)
 ParOldGen       total 805376K, used 805271K [0x0000000080000000, 0x00000000b1280000, 0x00000000d5580000)
  object space 805376K, 99% used [0x0000000080000000,0x00000000b1265cb0,0x00000000b1280000)
 Metaspace       used 68610K, committed 70080K, reserved 1114112K
  class space    used 6791K, committed 7424K, reserved 1048576K
}
Event: 39.348 GC heap before
{Heap before GC invocations=1292 (full 3):
 PSYoungGen      total 7168K, used 7048K [0x00000000d5580000, 0x00000000d5d80000, 0x0000000100000000)
  eden space 6144K, 100% used [0x00000000d5580000,0x00000000d5b80000,0x00000000d5b80000)
  from space 1024K, 88% used [0x00000000d5c80000,0x00000000d5d62378,0x00000000d5d80000)
  to   space 1024K, 0% used [0x00000000d5b80000,0x00000000d5b80000,0x00000000d5c80000)
 ParOldGen       total 805376K, used 805271K [0x0000000080000000, 0x00000000b1280000, 0x00000000d5580000)
  object space 805376K, 99% used [0x0000000080000000,0x00000000b1265cb0,0x00000000b1280000)
 Metaspace       used 68610K, committed 70080K, reserved 1114112K
  class space    used 6791K, committed 7424K, reserved 1048576K
}

Dll operation events (10 events):
Event: 0.008 Loaded shared library c:\Users\Windows\.vscode\extensions\redhat.java-1.43.0-win32-x64\jre\21.0.7-win32-x86_64\bin\java.dll
Event: 0.061 Loaded shared library c:\Users\Windows\.vscode\extensions\redhat.java-1.43.0-win32-x64\jre\21.0.7-win32-x86_64\bin\zip.dll
Event: 0.076 Loaded shared library C:\Users\Windows\.vscode\extensions\redhat.java-1.43.0-win32-x64\jre\21.0.7-win32-x86_64\bin\instrument.dll
Event: 0.079 Loaded shared library C:\Users\Windows\.vscode\extensions\redhat.java-1.43.0-win32-x64\jre\21.0.7-win32-x86_64\bin\net.dll
Event: 0.081 Loaded shared library C:\Users\Windows\.vscode\extensions\redhat.java-1.43.0-win32-x64\jre\21.0.7-win32-x86_64\bin\nio.dll
Event: 0.084 Loaded shared library C:\Users\Windows\.vscode\extensions\redhat.java-1.43.0-win32-x64\jre\21.0.7-win32-x86_64\bin\zip.dll
Event: 0.100 Loaded shared library C:\Users\Windows\.vscode\extensions\redhat.java-1.43.0-win32-x64\jre\21.0.7-win32-x86_64\bin\jimage.dll
Event: 0.157 Loaded shared library c:\Users\Windows\.vscode\extensions\redhat.java-1.43.0-win32-x64\jre\21.0.7-win32-x86_64\bin\verify.dll
Event: 1.059 Loaded shared library C:\Users\Windows\AppData\Roaming\Code\User\globalStorage\redhat.java\1.43.0\config_win\org.eclipse.equinox.launcher\org.eclipse.equinox.launcher.win32.win32.x86_64_1.2.1300.v20250331-1702\eclipse_11911.dll
Event: 1.838 Loaded shared library C:\Users\Windows\AppData\Local\Temp\jna--1280820637\jna5600932913578500116.dll

Deoptimization events (20 events):
Event: 30.996 Thread 0x000001bce607e370 Uncommon trap: trap_request=0xffffffde fr.pc=0x000001bc9223dd60 relative=0x0000000000000480
Event: 30.996 Thread 0x000001bce607e370 Uncommon trap: reason=class_check action=maybe_recompile pc=0x000001bc9223dd60 method=java.io.BufferedOutputStream.flushBuffer()V @ 20 c2
Event: 30.996 Thread 0x000001bce607e370 DEOPT PACKING pc=0x000001bc9223dd60 sp=0x00000011280fed10
Event: 30.996 Thread 0x000001bce607e370 DEOPT UNPACKING pc=0x000001bc91053aa2 sp=0x00000011280febe0 mode 2
Event: 31.015 Thread 0x000001bce607e370 DEOPT PACKING pc=0x000001bc8a4b732e sp=0x00000011280fec60
Event: 31.015 Thread 0x000001bce607e370 DEOPT UNPACKING pc=0x000001bc91054242 sp=0x00000011280fe1b8 mode 0
Event: 31.016 Thread 0x000001bce607e370 DEOPT PACKING pc=0x000001bc8a4b732e sp=0x00000011280fec60
Event: 31.016 Thread 0x000001bce607e370 DEOPT UNPACKING pc=0x000001bc91054242 sp=0x00000011280fe1b8 mode 0
Event: 31.016 Thread 0x000001bce607e370 DEOPT PACKING pc=0x000001bc8a4b732e sp=0x00000011280fec60
Event: 31.016 Thread 0x000001bce607e370 DEOPT UNPACKING pc=0x000001bc91054242 sp=0x00000011280fe1b8 mode 0
Event: 31.017 Thread 0x000001bce607e370 DEOPT PACKING pc=0x000001bc8a4b732e sp=0x00000011280fec60
Event: 31.017 Thread 0x000001bce607e370 DEOPT UNPACKING pc=0x000001bc91054242 sp=0x00000011280fe1b8 mode 0
Event: 31.019 Thread 0x000001bce607e370 DEOPT PACKING pc=0x000001bc8a4b732e sp=0x00000011280fec60
Event: 31.019 Thread 0x000001bce607e370 DEOPT UNPACKING pc=0x000001bc91054242 sp=0x00000011280fe1b8 mode 0
Event: 31.019 Thread 0x000001bce607e370 DEOPT PACKING pc=0x000001bc8a4b732e sp=0x00000011280fec60
Event: 31.019 Thread 0x000001bce607e370 DEOPT UNPACKING pc=0x000001bc91054242 sp=0x00000011280fe1b8 mode 0
Event: 31.144 Thread 0x000001bce607e370 Uncommon trap: trap_request=0xffffff45 fr.pc=0x000001bc924dd40c relative=0x00000000000005cc
Event: 31.144 Thread 0x000001bce607e370 Uncommon trap: reason=unstable_if action=reinterpret pc=0x000001bc924dd40c method=java.util.ImmutableCollections$AbstractImmutableList.equals(Ljava/lang/Object;)Z @ 2 c2
Event: 31.144 Thread 0x000001bce607e370 DEOPT PACKING pc=0x000001bc924dd40c sp=0x00000011280fe640
Event: 31.144 Thread 0x000001bce607e370 DEOPT UNPACKING pc=0x000001bc91053aa2 sp=0x00000011280fe5e0 mode 2

Classes loaded (20 events):
Event: 31.145 Loading class sun/util/locale/provider/TimeZoneNameProviderImpl done
Event: 31.145 Loading class sun/util/cldr/CLDRTimeZoneNameProviderImpl done
Event: 31.146 Loading class sun/util/locale/provider/BaseLocaleDataMetaInfo
Event: 31.146 Loading class sun/util/locale/provider/BaseLocaleDataMetaInfo done
Event: 31.180 Loading class sun/util/resources/cldr/TimeZoneNames
Event: 31.180 Loading class sun/util/resources/TimeZoneNamesBundle
Event: 31.181 Loading class sun/util/resources/OpenListResourceBundle
Event: 31.181 Loading class sun/util/resources/OpenListResourceBundle done
Event: 31.181 Loading class sun/util/resources/TimeZoneNamesBundle done
Event: 31.181 Loading class sun/util/resources/cldr/TimeZoneNames done
Event: 31.181 Loading class sun/util/resources/cldr/TimeZoneNames_en
Event: 31.183 Loading class sun/util/resources/cldr/TimeZoneNames_en done
Event: 31.183 Loading class sun/util/resources/cldr/TimeZoneNames_en_US
Event: 31.183 Loading class sun/util/resources/cldr/TimeZoneNames_en_US done
Event: 31.185 Loading class sun/util/cldr/CLDRBaseLocaleDataMetaInfo$TZCanonicalIDMapHolder
Event: 31.186 Loading class sun/util/cldr/CLDRBaseLocaleDataMetaInfo$TZCanonicalIDMapHolder done
Event: 31.191 Loading class sun/util/resources/TimeZoneNames
Event: 31.192 Loading class sun/util/resources/TimeZoneNames done
Event: 31.193 Loading class sun/util/resources/TimeZoneNames_en
Event: 31.193 Loading class sun/util/resources/TimeZoneNames_en done

Classes unloaded (7 events):
Event: 2.206 Thread 0x000001bc9d444860 Unloading class 0x000001bc9f1a1000 'java/lang/invoke/LambdaForm$MH+0x000001bc9f1a1000'
Event: 2.206 Thread 0x000001bc9d444860 Unloading class 0x000001bc9f1a0c00 'java/lang/invoke/LambdaForm$MH+0x000001bc9f1a0c00'
Event: 2.206 Thread 0x000001bc9d444860 Unloading class 0x000001bc9f1a0800 'java/lang/invoke/LambdaForm$MH+0x000001bc9f1a0800'
Event: 2.206 Thread 0x000001bc9d444860 Unloading class 0x000001bc9f1a0400 'java/lang/invoke/LambdaForm$MH+0x000001bc9f1a0400'
Event: 2.206 Thread 0x000001bc9d444860 Unloading class 0x000001bc9f1a0000 'java/lang/invoke/LambdaForm$BMH+0x000001bc9f1a0000'
Event: 2.206 Thread 0x000001bc9d444860 Unloading class 0x000001bc9f19fc00 'java/lang/invoke/LambdaForm$DMH+0x000001bc9f19fc00'
Event: 2.206 Thread 0x000001bc9d444860 Unloading class 0x000001bc9f19e800 'java/lang/invoke/LambdaForm$DMH+0x000001bc9f19e800'

Classes redefined (0 events):
No events

Internal exceptions (20 events):
Event: 30.558 Thread 0x000001bce6827c50 Exception <a 'sun/nio/fs/WindowsException'{0x00000000d5768e18}> (0x00000000d5768e18) 
thrown [s\src\hotspot\share\prims\jni.cpp, line 520]
Event: 30.998 Thread 0x000001bce6827c50 Exception <a 'sun/nio/fs/WindowsException'{0x00000000d5723ec8}> (0x00000000d5723ec8) 
thrown [s\src\hotspot\share\prims\jni.cpp, line 520]
Event: 32.002 Thread 0x000001bce6827c50 Exception <a 'sun/nio/fs/WindowsException'{0x00000000d5a5e4b8}> (0x00000000d5a5e4b8) 
thrown [s\src\hotspot\share\prims\jni.cpp, line 520]
Event: 32.107 Thread 0x000001bce6827c50 Exception <a 'sun/nio/fs/WindowsException'{0x00000000d5721f80}> (0x00000000d5721f80) 
thrown [s\src\hotspot\share\prims\jni.cpp, line 520]
Event: 32.126 Thread 0x000001bce6827c50 Exception <a 'sun/nio/fs/WindowsException'{0x00000000d59682c8}> (0x00000000d59682c8) 
thrown [s\src\hotspot\share\prims\jni.cpp, line 520]
Event: 32.163 Thread 0x000001bce6827c50 Exception <a 'sun/nio/fs/WindowsException'{0x00000000d59b8978}> (0x00000000d59b8978) 
thrown [s\src\hotspot\share\prims\jni.cpp, line 520]
Event: 32.500 Thread 0x000001bce6827c50 Exception <a 'sun/nio/fs/WindowsException'{0x00000000d59489b0}> (0x00000000d59489b0) 
thrown [s\src\hotspot\share\prims\jni.cpp, line 520]
Event: 32.512 Thread 0x000001bce6827c50 Exception <a 'sun/nio/fs/WindowsException'{0x00000000d59e8618}> (0x00000000d59e8618) 
thrown [s\src\hotspot\share\prims\jni.cpp, line 520]
Event: 32.731 Thread 0x000001bce6827c50 Exception <a 'sun/nio/fs/WindowsException'{0x00000000d5953748}> (0x00000000d5953748) 
thrown [s\src\hotspot\share\prims\jni.cpp, line 520]
Event: 32.752 Thread 0x000001bce6827c50 Exception <a 'sun/nio/fs/WindowsException'{0x00000000d55c0be0}> (0x00000000d55c0be0) 
thrown [s\src\hotspot\share\prims\jni.cpp, line 520]
Event: 32.796 Thread 0x000001bce6827c50 Exception <a 'sun/nio/fs/WindowsException'{0x00000000d57d95e0}> (0x00000000d57d95e0) 
thrown [s\src\hotspot\share\prims\jni.cpp, line 520]
Event: 32.847 Thread 0x000001bce6827c50 Exception <a 'sun/nio/fs/WindowsException'{0x00000000d599ea20}> (0x00000000d599ea20) 
thrown [s\src\hotspot\share\prims\jni.cpp, line 520]
Event: 32.855 Thread 0x000001bce6827c50 Exception <a 'sun/nio/fs/WindowsException'{0x00000000d59b31f8}> (0x00000000d59b31f8) 
thrown [s\src\hotspot\share\prims\jni.cpp, line 520]
Event: 32.924 Thread 0x000001bce6827c50 Exception <a 'sun/nio/fs/WindowsException'{0x00000000d59de618}> (0x00000000d59de618) 
thrown [s\src\hotspot\share\prims\jni.cpp, line 520]
Event: 32.994 Thread 0x000001bce6827c50 Exception <a 'sun/nio/fs/WindowsException'{0x00000000d594e260}> (0x00000000d594e260) 
thrown [s\src\hotspot\share\prims\jni.cpp, line 520]
Event: 33.063 Thread 0x000001bce6827c50 Exception <a 'sun/nio/fs/WindowsException'{0x00000000d55aa730}> (0x00000000d55aa730) 
thrown [s\src\hotspot\share\prims\jni.cpp, line 520]
Event: 33.103 Thread 0x000001bce6827c50 Exception <a 'sun/nio/fs/WindowsException'{0x00000000d55afd30}> (0x00000000d55afd30) 
thrown [s\src\hotspot\share\prims\jni.cpp, line 520]
Event: 33.150 Thread 0x000001bce6827c50 Exception <a 'sun/nio/fs/WindowsException'{0x00000000d59d5ee0}> (0x00000000d59d5ee0) 
thrown [s\src\hotspot\share\prims\jni.cpp, line 520]
Event: 34.176 Thread 0x000001bce6827c50 Exception <a 'sun/nio/fs/WindowsException'{0x00000000d562b3b8}> (0x00000000d562b3b8) 
thrown [s\src\hotspot\share\prims\jni.cpp, line 520]
Event: 34.198 Thread 0x000001bce6827c50 Exception <a 'sun/nio/fs/WindowsException'{0x00000000d594a110}> (0x00000000d594a110) 
thrown [s\src\hotspot\share\prims\jni.cpp, line 520]

ZGC Phase Switch (0 events):
No events

VM Operations (20 events):
Event: 33.008 Executing VM operation: ParallelGCFailedAllocation (Allocation Failure) done
Event: 33.020 Executing VM operation: ParallelGCFailedAllocation (Allocation Failure)
Event: 33.023 Executing VM operation: ParallelGCFailedAllocation (Allocation Failure) done
Event: 33.044 Executing VM operation: ParallelGCFailedAllocation (Allocation Failure)
Event: 33.046 Executing VM operation: ParallelGCFailedAllocation (Allocation Failure) done
Event: 33.096 Executing VM operation: ParallelGCFailedAllocation (Allocation Failure)
Event: 33.099 Executing VM operation: ParallelGCFailedAllocation (Allocation Failure) done
Event: 33.158 Executing VM operation: ParallelGCFailedAllocation (Allocation Failure)
Event: 34.169 Executing VM operation: ParallelGCFailedAllocation (Allocation Failure) done
Event: 34.223 Executing VM operation: ParallelGCFailedAllocation (Allocation Failure)
Event: 36.249 Executing VM operation: ParallelGCFailedAllocation (Allocation Failure) done
Event: 36.263 Executing VM operation: ParallelGCFailedAllocation (Allocation Failure)
Event: 37.276 Executing VM operation: ParallelGCFailedAllocation (Allocation Failure) done
Event: 37.288 Executing VM operation: ParallelGCFailedAllocation (Allocation Failure)
Event: 37.290 Executing VM operation: ParallelGCFailedAllocation (Allocation Failure) done
Event: 37.307 Executing VM operation: ParallelGCFailedAllocation (Allocation Failure)
Event: 38.317 Executing VM operation: ParallelGCFailedAllocation (Allocation Failure) done
Event: 39.331 Executing VM operation: ParallelGCFailedAllocation (Allocation Failure)
Event: 39.333 Executing VM operation: ParallelGCFailedAllocation (Allocation Failure) done
Event: 39.348 Executing VM operation: ParallelGCFailedAllocation (Allocation Failure)

Memory protections (0 events):
No events

Nmethod flushes (20 events):
Event: 11.280 Thread 0x000001bc9d444860 flushing  nmethod 0x000001bc8a5f2290
Event: 11.280 Thread 0x000001bc9d444860 flushing  nmethod 0x000001bc8a5f7710
Event: 11.280 Thread 0x000001bc9d444860 flushing  nmethod 0x000001bc8a611090
Event: 11.280 Thread 0x000001bc9d444860 flushing  nmethod 0x000001bc8a622110
Event: 11.280 Thread 0x000001bc9d444860 flushing  nmethod 0x000001bc8a643b90
Event: 11.280 Thread 0x000001bc9d444860 flushing  nmethod 0x000001bc8a646190
Event: 11.280 Thread 0x000001bc9d444860 flushing osr nmethod 0x000001bc8a64cd10
Event: 11.280 Thread 0x000001bc9d444860 flushing  nmethod 0x000001bc8a658890
Event: 11.280 Thread 0x000001bc9d444860 flushing  nmethod 0x000001bc8a659290
Event: 11.280 Thread 0x000001bc9d444860 flushing  nmethod 0x000001bc8a65ab90
Event: 11.280 Thread 0x000001bc9d444860 flushing  nmethod 0x000001bc8a65d510
Event: 11.280 Thread 0x000001bc9d444860 flushing  nmethod 0x000001bc8a65d990
Event: 11.280 Thread 0x000001bc9d444860 flushing  nmethod 0x000001bc8a65dd10
Event: 11.280 Thread 0x000001bc9d444860 flushing  nmethod 0x000001bc8a65ec10
Event: 11.280 Thread 0x000001bc9d444860 flushing  nmethod 0x000001bc8a661390
Event: 11.280 Thread 0x000001bc9d444860 flushing  nmethod 0x000001bc8a674d10
Event: 11.280 Thread 0x000001bc9d444860 flushing  nmethod 0x000001bc8a67ff10
Event: 11.280 Thread 0x000001bc9d444860 flushing  nmethod 0x000001bc8a693390
Event: 11.280 Thread 0x000001bc9d444860 flushing  nmethod 0x000001bc8a6c4c10
Event: 11.280 Thread 0x000001bc9d444860 flushing  nmethod 0x000001bc8a6f4290

Events (20 events):
Event: 23.917 Thread 0x000001bcf3949be0 Thread exited: 0x000001bcf3949be0
Event: 24.236 Thread 0x000001bc86a7de10 Thread added: 0x000001bcf3949be0
Event: 24.252 Thread 0x000001bcdfa0f8f0 Thread added: 0x000001bcf39480a0
Event: 25.371 Thread 0x000001bc86a7de10 Thread added: 0x000001bcf394f470
Event: 25.371 Thread 0x000001bc86a7de10 Thread added: 0x000001bcf394e6d0
Event: 25.776 Thread 0x000001bcf394e6d0 Thread exited: 0x000001bcf394e6d0
Event: 25.788 Thread 0x000001bcf394f470 Thread exited: 0x000001bcf394f470
Event: 26.815 Thread 0x000001bcf39480a0 Thread exited: 0x000001bcf39480a0
Event: 27.459 Thread 0x000001bc86a7de10 Thread added: 0x000001bcf39480a0
Event: 28.722 Thread 0x000001bcdfa12f10 Thread exited: 0x000001bcdfa12f10
Event: 28.864 Thread 0x000001bcf39480a0 Thread exited: 0x000001bcf39480a0
Event: 28.974 Thread 0x000001bcf3949be0 Thread exited: 0x000001bcf3949be0
Event: 29.639 Thread 0x000001bc8011d580 Thread exited: 0x000001bc8011d580
Event: 30.148 Thread 0x000001bcdfa0f8f0 Thread exited: 0x000001bcdfa0f8f0
Event: 30.997 Thread 0x000001bc86a7de10 Thread added: 0x000001bcf39480a0
Event: 31.020 Thread 0x000001bc86a7de10 Thread added: 0x000001bcf3949be0
Event: 31.027 Thread 0x000001bcf39480a0 Thread added: 0x000001bce1930b00
Event: 31.238 Thread 0x000001bce1930b00 Thread exited: 0x000001bce1930b00
Event: 31.751 Thread 0x000001bcf39480a0 Thread exited: 0x000001bcf39480a0
Event: 32.112 Thread 0x000001bcf3949be0 Thread exited: 0x000001bcf3949be0


Dynamic libraries:
0x00007ff621a30000 - 0x00007ff621a3e000 	c:\Users\Windows\.vscode\extensions\redhat.java-1.43.0-win32-x64\jre\21.0.7-win32-x86_64\bin\java.exe
0x00007ff842540000 - 0x00007ff8427a5000 	C:\WINDOWS\SYSTEM32\ntdll.dll
0x00007ff841910000 - 0x00007ff8419d9000 	C:\WINDOWS\System32\KERNEL32.DLL
0x00007ff83fef0000 - 0x00007ff8402d8000 	C:\WINDOWS\System32\KERNELBASE.dll
0x00007ff83f800000 - 0x00007ff83f94b000 	C:\WINDOWS\System32\ucrtbase.dll
0x00007ff83a4d0000 - 0x00007ff83a4ee000 	c:\Users\Windows\.vscode\extensions\redhat.java-1.43.0-win32-x64\jre\21.0.7-win32-x86_64\bin\VCRUNTIME140.dll
0x00007ff8270b0000 - 0x00007ff8270c8000 	c:\Users\Windows\.vscode\extensions\redhat.java-1.43.0-win32-x64\jre\21.0.7-win32-x86_64\bin\jli.dll
0x00007ff841110000 - 0x00007ff8412da000 	C:\WINDOWS\System32\USER32.dll
0x00007ff82a8a0000 - 0x00007ff82ab3a000 	C:\WINDOWS\WinSxS\amd64_microsoft.windows.common-controls_6595b64144ccf1df_6.0.26100.4202_none_3e0698d4e335f517\COMCTL32.dll
0x00007ff83f720000 - 0x00007ff83f747000 	C:\WINDOWS\System32\win32u.dll
0x00007ff841a80000 - 0x00007ff841b29000 	C:\WINDOWS\System32\msvcrt.dll
0x00007ff841770000 - 0x00007ff84179b000 	C:\WINDOWS\System32\GDI32.dll
0x00007ff83fad0000 - 0x00007ff83fc07000 	C:\WINDOWS\System32\gdi32full.dll
0x00007ff83f750000 - 0x00007ff83f7f3000 	C:\WINDOWS\System32\msvcp_win.dll
0x00007ff841520000 - 0x00007ff841550000 	C:\WINDOWS\System32\IMM32.DLL
0x00007ff836200000 - 0x00007ff83620c000 	c:\Users\Windows\.vscode\extensions\redhat.java-1.43.0-win32-x64\jre\21.0.7-win32-x86_64\bin\vcruntime140_1.dll
0x00007ff801f90000 - 0x00007ff80201d000 	c:\Users\Windows\.vscode\extensions\redhat.java-1.43.0-win32-x64\jre\21.0.7-win32-x86_64\bin\msvcp140.dll
0x00007fffb2270000 - 0x00007fffb3000000 	c:\Users\Windows\.vscode\extensions\redhat.java-1.43.0-win32-x64\jre\21.0.7-win32-x86_64\bin\server\jvm.dll
0x00007ff8417a0000 - 0x00007ff841853000 	C:\WINDOWS\System32\ADVAPI32.dll
0x00007ff841860000 - 0x00007ff841906000 	C:\WINDOWS\System32\sechost.dll
0x00007ff841650000 - 0x00007ff841765000 	C:\WINDOWS\System32\RPCRT4.dll
0x00007ff840ab0000 - 0x00007ff840b24000 	C:\WINDOWS\System32\WS2_32.dll
0x00007ff838cb0000 - 0x00007ff838ce5000 	C:\WINDOWS\SYSTEM32\WINMM.dll
0x00007ff83f4e0000 - 0x00007ff83f53e000 	C:\WINDOWS\SYSTEM32\POWRPROF.dll
0x00007ff838cf0000 - 0x00007ff838cfb000 	C:\WINDOWS\SYSTEM32\VERSION.dll
0x00007ff83f4c0000 - 0x00007ff83f4d4000 	C:\WINDOWS\SYSTEM32\UMPDC.dll
0x00007ff83e450000 - 0x00007ff83e46b000 	C:\WINDOWS\SYSTEM32\kernel.appcore.dll
0x00007ff82d760000 - 0x00007ff82d76a000 	c:\Users\Windows\.vscode\extensions\redhat.java-1.43.0-win32-x64\jre\21.0.7-win32-x86_64\bin\jimage.dll
0x00007ff834d10000 - 0x00007ff834f51000 	C:\WINDOWS\SYSTEM32\DBGHELP.DLL
0x00007ff840b40000 - 0x00007ff840ec5000 	C:\WINDOWS\System32\combase.dll
0x00007ff841560000 - 0x00007ff841641000 	C:\WINDOWS\System32\OLEAUT32.dll
0x00007ff82b3d0000 - 0x00007ff82b409000 	C:\WINDOWS\SYSTEM32\dbgcore.DLL
0x00007ff83fe50000 - 0x00007ff83fee9000 	C:\WINDOWS\System32\bcryptPrimitives.dll
0x00007ff828d20000 - 0x00007ff828d2f000 	c:\Users\Windows\.vscode\extensions\redhat.java-1.43.0-win32-x64\jre\21.0.7-win32-x86_64\bin\instrument.dll
0x00007ff824880000 - 0x00007ff82489f000 	c:\Users\Windows\.vscode\extensions\redhat.java-1.43.0-win32-x64\jre\21.0.7-win32-x86_64\bin\java.dll
0x00007ff841b40000 - 0x00007ff842282000 	C:\WINDOWS\System32\SHELL32.dll
0x00007ff83fc10000 - 0x00007ff83fd84000 	C:\WINDOWS\System32\wintypes.dll
0x00007ff83d330000 - 0x00007ff83db88000 	C:\WINDOWS\SYSTEM32\windows.storage.dll
0x00007ff8407e0000 - 0x00007ff8408d1000 	C:\WINDOWS\System32\SHCORE.dll
0x00007ff840990000 - 0x00007ff8409fa000 	C:\WINDOWS\System32\shlwapi.dll
0x00007ff83f5a0000 - 0x00007ff83f5cf000 	C:\WINDOWS\SYSTEM32\profapi.dll
0x00007ff822d60000 - 0x00007ff822d78000 	c:\Users\Windows\.vscode\extensions\redhat.java-1.43.0-win32-x64\jre\21.0.7-win32-x86_64\bin\zip.dll
0x00007ff8274b0000 - 0x00007ff8274c0000 	C:\Users\Windows\.vscode\extensions\redhat.java-1.43.0-win32-x64\jre\21.0.7-win32-x86_64\bin\net.dll
0x00007ff836280000 - 0x00007ff83639e000 	C:\WINDOWS\SYSTEM32\WINHTTP.dll
0x00007ff83e9c0000 - 0x00007ff83ea2a000 	C:\WINDOWS\system32\mswsock.dll
0x00007ff821210000 - 0x00007ff821226000 	C:\Users\Windows\.vscode\extensions\redhat.java-1.43.0-win32-x64\jre\21.0.7-win32-x86_64\bin\nio.dll
0x00007ff827030000 - 0x00007ff827040000 	c:\Users\Windows\.vscode\extensions\redhat.java-1.43.0-win32-x64\jre\21.0.7-win32-x86_64\bin\verify.dll
0x00007ff8013e0000 - 0x00007ff801425000 	C:\Users\Windows\AppData\Roaming\Code\User\globalStorage\redhat.java\1.43.0\config_win\org.eclipse.equinox.launcher\org.eclipse.equinox.launcher.win32.win32.x86_64_1.2.1300.v20250331-1702\eclipse_11911.dll
0x00007ff840f60000 - 0x00007ff8410fe000 	C:\WINDOWS\System32\ole32.dll
0x00007ff83ec70000 - 0x00007ff83ec8b000 	C:\WINDOWS\SYSTEM32\CRYPTSP.dll
0x00007ff83e3b0000 - 0x00007ff83e3ea000 	C:\WINDOWS\system32\rsaenh.dll
0x00007ff83ea60000 - 0x00007ff83ea8b000 	C:\WINDOWS\SYSTEM32\USERENV.dll
0x00007ff83f570000 - 0x00007ff83f596000 	C:\WINDOWS\SYSTEM32\bcrypt.dll
0x00007ff83ec90000 - 0x00007ff83ec9c000 	C:\WINDOWS\SYSTEM32\CRYPTBASE.dll
0x00007ff83de80000 - 0x00007ff83deb3000 	C:\WINDOWS\SYSTEM32\IPHLPAPI.DLL
0x00007ff841b30000 - 0x00007ff841b3a000 	C:\WINDOWS\System32\NSI.dll
0x00007fffed500000 - 0x00007fffed549000 	C:\Users\Windows\AppData\Local\Temp\jna--1280820637\jna5600932913578500116.dll
0x00007ff840b30000 - 0x00007ff840b38000 	C:\WINDOWS\System32\PSAPI.DLL
0x00007ff836120000 - 0x00007ff83613f000 	C:\WINDOWS\SYSTEM32\dhcpcsvc6.DLL
0x00007ff835c70000 - 0x00007ff835c95000 	C:\WINDOWS\SYSTEM32\dhcpcsvc.DLL
0x00007ff83e570000 - 0x00007ff83e5a6000 	C:\WINDOWS\SYSTEM32\ntmarta.dll

dbghelp: loaded successfully - version: 4.0.5 - missing functions: none
symbol engine: initialized successfully - sym options: 0x614 - pdb path: .;c:\Users\Windows\.vscode\extensions\redhat.java-1.43.0-win32-x64\jre\21.0.7-win32-x86_64\bin;C:\WINDOWS\SYSTEM32;C:\WINDOWS\WinSxS\amd64_microsoft.windows.common-controls_6595b64144ccf1df_6.0.26100.4202_none_3e0698d4e335f517;c:\Users\Windows\.vscode\extensions\redhat.java-1.43.0-win32-x64\jre\21.0.7-win32-x86_64\bin\server;C:\Users\Windows\AppData\Roaming\Code\User\globalStorage\redhat.java\1.43.0\config_win\org.eclipse.equinox.launcher\org.eclipse.equinox.launcher.win32.win32.x86_64_1.2.1300.v20250331-1702;C:\Users\Windows\AppData\Local\Temp\jna--1280820637

VM Arguments:
jvm_args: --add-modules=ALL-SYSTEM --add-opens=java.base/java.util=ALL-UNNAMED --add-opens=java.base/java.lang=ALL-UNNAMED --add-opens=java.base/sun.nio.fs=ALL-UNNAMED -Declipse.application=org.eclipse.jdt.ls.core.id1 -Dosgi.bundles.defaultStartLevel=4 -Declipse.product=org.eclipse.jdt.ls.core.product -Djava.import.generatesMetadataFilesAtProjectRoot=false -DDetectVMInstallationsJob.disabled=true -Dfile.encoding=utf8 -XX:+UseParallelGC -XX:GCTimeRatio=4 -XX:AdaptiveSizePolicyWeight=90 -Dsun.zip.disableMemoryMapping=true -Xmx2G -Xms100m -Xlog:disable -javaagent:c:\Users\Windows\.vscode\extensions\redhat.java-1.43.0-win32-x64\lombok\lombok-1.18.39-4050.jar -XX:+HeapDumpOnOutOfMemoryError -XX:HeapDumpPath=c:\Users\Windows\AppData\Roaming\Code\User\workspaceStorage\7762952fdf189e44cdb19298ae437fbf\redhat.java -Daether.dependencyCollector.impl=bf 
java_command: c:\Users\Windows\.vscode\extensions\redhat.java-1.43.0-win32-x64\server\plugins\org.eclipse.equinox.launcher_1.7.0.v20250519-0528.jar -configuration c:\Users\Windows\AppData\Roaming\Code\User\globalStorage\redhat.java\1.43.0\config_win -data c:\Users\Windows\AppData\Roaming\Code\User\workspaceStorage\7762952fdf189e44cdb19298ae437fbf\redhat.java\jdt_ws --pipe=\\.\pipe\lsp-d3cde5506b487100cf905cc577227546-sock
java_class_path (initial): c:\Users\Windows\.vscode\extensions\redhat.java-1.43.0-win32-x64\server\plugins\org.eclipse.equinox.launcher_1.7.0.v20250519-0528.jar
Launcher Type: SUN_STANDARD

[Global flags]
    uintx AdaptiveSizePolicyWeight                 = 90                                        {product} {command line}
     intx CICompilerCount                          = 12                                        {product} {ergonomic}
    uintx GCTimeRatio                              = 4                                         {product} {command line}
     bool HeapDumpOnOutOfMemoryError               = true                                   {manageable} {command line}
    ccstr HeapDumpPath                             = c:\Users\Windows\AppData\Roaming\Code\User\workspaceStorage\7762952fdf189e44cdb19298ae437fbf\redhat.java         {manageable} {command line}
   size_t InitialHeapSize                          = 104857600                                 {product} {command line}
   size_t MaxHeapSize                              = 2147483648                                {product} {command line}
   size_t MaxNewSize                               = 715653120                                 {product} {ergonomic}
   size_t MinHeapDeltaBytes                        = 524288                                    {product} {ergonomic}
   size_t MinHeapSize                              = 104857600                                 {product} {command line}
   size_t NewSize                                  = 34603008                                  {product} {ergonomic}
    uintx NonNMethodCodeHeapSize                   = 7602480                                {pd product} {ergonomic}
    uintx NonProfiledCodeHeapSize                  = 122027880                              {pd product} {ergonomic}
   size_t OldSize                                  = 70254592                                  {product} {ergonomic}
    uintx ProfiledCodeHeapSize                     = 122027880                              {pd product} {ergonomic}
    uintx ReservedCodeCacheSize                    = 251658240                              {pd product} {ergonomic}
     bool SegmentedCodeCache                       = true                                      {product} {ergonomic}
   size_t SoftMaxHeapSize                          = 2147483648                             {manageable} {ergonomic}
     bool UseCompressedOops                        = true                           {product lp64_product} {ergonomic}
     bool UseLargePagesIndividualAllocation        = false                                  {pd product} {ergonomic}
     bool UseParallelGC                            = true                                      {product} {command line}

Logging:
Log output configuration:
 #0: stdout all=off uptime,level,tags foldmultilines=false
 #1: stderr all=off uptime,level,tags foldmultilines=false

Environment Variables:
JAVA_HOME=C:\Program Files\Java\jdk-21
PATH=C:\Program Files\Common Files\Oracle\Java\javapath;C:\WINDOWS\system32;C:\WINDOWS;C:\WINDOWS\System32\Wbem;C:\WINDOWS\System32\WindowsPowerShell\v1.0\;C:\WINDOWS\System32\OpenSSH\;C:\Program Files\dotnet\;C:\Program Files\NVIDIA Corporation\NVIDIA NvDLISR;C:\Program Files\WireGuard\;C:\Program Files\Git\cmd;C:\Program Files\Docker\Docker\resources\bin;C:\Program Files\Cloudflare\Cloudflare WARP\;C:\Program Files\Java\jdk-21\bin;C:\Users\Windows\AppData\Local\Microsoft\WindowsApps;C:\Users\Windows\AppData\Local\Programs\Microsoft VS Code\bin
USERNAME=Windows
OS=Windows_NT
PROCESSOR_IDENTIFIER=AMD64 Family 23 Model 96 Stepping 1, AuthenticAMD
TMP=C:\Users\Windows\AppData\Local\Temp
TEMP=C:\Users\Windows\AppData\Local\Temp




Periodic native trim disabled

---------------  S Y S T E M  ---------------

OS:
 Windows 11 , 64 bit Build 26100 (10.0.26100.4202)
OS uptime: 0 days 10:14 hours

CPU: total 16 (initial active 16) (16 cores per cpu, 2 threads per core) family 23 model 96 stepping 1 microcode 0x8600104, cx8, cmov, fxsr, ht, mmx, 3dnowpref, sse, sse2, sse3, ssse3, sse4a, sse4.1, sse4.2, popcnt, lzcnt, tsc, tscinvbit, avx, avx2, aes, clmul, bmi1, bmi2, adx, sha, fma, vzeroupper, clflush, clflushopt, rdtscp, rdpid, f16c
Processor Information for the first 16 processors :
  Max Mhz: 2900, Current Mhz: 2900, Mhz Limit: 2900

Memory: 4k page, system-wide physical 15789M (3726M free)
TotalPageFile size 15789M (AvailPageFile size 0M)
current process WorkingSet (physical memory assigned to process): 1180M, peak: 1187M
current process commit charge ("private bytes"): 1128M, peak: 1707M

vm_info: OpenJDK 64-Bit Server VM (21.0.7+6-LTS) for windows-amd64 JRE (21.0.7+6-LTS), built on 2025-04-15T00:00:00Z by "admin" with MS VC++ 17.7 (VS2022)

END.
